Component: ARM Compiler 5.06 update 6 (build 750) Tool: armlink [4d35ed]

==============================================================================

Section Cross References

    main.o(.text) refers to anoc.o(.text) for RP_SendToPc
    main.o(.text) refers to system.o(.text) for System_Init
    main.o(.text) refers to pid.o(.text) for PID_Init
    main.o(.text) refers to remote.o(.text) for control_circle_init
    main.o(.text) refers to kalman.o(.text) for Init_kal
    main.o(.text) refers to task_chassis.o(.bss) for mpu_data_Array
    main.o(.text) refers to main.o(.data) for see1
    main.o(.text) refers to remote.o(.data) for gravity
    main.o(.text) refers to system.o(.data) for pitch
    main.o(.text) refers to choose_task.o(.data) for choose_j
    main.o(.text) refers to pid.o(.bss) for Total_pid
    main.o(.text) refers to remote.o(.bss) for Remote_Target_Array
    main.o(.text) refers to can1.o(.bss) for Chassis_Moto_Info_Array
    stm32f4xx_it.o(.text) refers to stm32f4xx_it.o(.data) for sysTickUptime
    system.o(.text) refers to stm32f4xx_rcc.o(.text) for RCC_GetClocksFreq
    system.o(.text) refers to crc.o(.text) for CRC_init
    system.o(.text) refers to can1.o(.text) for CAN1_Init
    system.o(.text) refers to can2.o(.text) for CAN2_Init
    system.o(.text) refers to usart2.o(.text) for RC_Init
    system.o(.text) refers to led.o(.text) for Led_Init
    system.o(.text) refers to anoc.o(.text) for usart1_init
    system.o(.text) refers to bmi.o(.text) for BMI_Init
    system.o(.text) refers to 2ms_analy.o(.text) for analy_Flag
    system.o(.text) refers to task_chassis.o(.text) for Wait_stand_init
    system.o(.text) refers to task_gimble.o(.text) for gimble_control
    system.o(.text) refers to remote.o(.text) for remote_calculate
    system.o(.text) refers to main.o(.text) for see33
    system.o(.text) refers to system.o(.data) for usTicks
    system.o(.text) refers to stm32f4xx_it.o(.data) for sysTickUptime
    system.o(.text) refers to system_stm32f4xx.o(.data) for SystemCoreClock
    pid.o(.text) refers to kalman.o(.text) for KalmanFilter
    pid.o(.text) refers to kalman.o(.bss) for P_out_kalman
    pid.o(.text) refers to fuzzypid.o(.text) for Fuzzytrans
    pid.o(.text) refers to system.o(.data) for pitch
    pid.o(.text) refers to fuzzypid.o(.data) for FPID
    pid.o(.text) refers to pid.o(.data) for true_KP
    pid.o(.text) refers to remote.o(.data) for brake
    2ms_analy.o(.text) refers to usart2.o(.data) for DMAinterruptnumber
    2ms_analy.o(.text) refers to 2ms_analy.o(.data) for record_DMAnow
    2ms_analy.o(.text) refers to can1.o(.data) for CAN1interruptnumber
    2ms_analy.o(.text) refers to 2ms_analy.o(.bss) for AllFlag
    kalman.o(.text) refers to kalman.o(.data) for i
    kalman.o(.text) refers to kalman.o(.bss) for P_out_kalman
    fuzzypid.o(.text) refers to fuzzypid.o(.constdata) for ruleKp
    fuzzypid.o(.text) refers to fuzzypid.o(.data) for FPID
    can1.o(.text) refers to stm32f4xx_rcc.o(.text) for RCC_AHB1PeriphClockCmd
    can1.o(.text) refers to stm32f4xx_gpio.o(.text) for GPIO_PinAFConfig
    can1.o(.text) refers to misc.o(.text) for NVIC_Init
    can1.o(.text) refers to stm32f4xx_can.o(.text) for CAN_Init
    can1.o(.text) refers to can1.o(.data) for ReceiveFlag_chassis
    can1.o(.text) refers to can1.o(.bss) for Chassis_Moto_Info_Array
    can2.o(.text) refers to stm32f4xx_rcc.o(.text) for RCC_AHB1PeriphClockCmd
    can2.o(.text) refers to stm32f4xx_gpio.o(.text) for GPIO_PinAFConfig
    can2.o(.text) refers to misc.o(.text) for NVIC_Init
    can2.o(.text) refers to stm32f4xx_can.o(.text) for CAN_DeInit
    usart2.o(.text) refers to stm32f4xx_rcc.o(.text) for RCC_AHB1PeriphClockCmd
    usart2.o(.text) refers to stm32f4xx_gpio.o(.text) for GPIO_PinAFConfig
    usart2.o(.text) refers to stm32f4xx_usart.o(.text) for USART_DeInit
    usart2.o(.text) refers to misc.o(.text) for NVIC_Init
    usart2.o(.text) refers to stm32f4xx_dma.o(.text) for DMA_DeInit
    usart2.o(.text) refers to system.o(.text) for micros
    usart2.o(.text) refers to usart2.o(.bss) for sbus_rx_buffer
    usart2.o(.text) refers to usart2.o(.data) for DMAinterruptnumber
    usart2.o(.text) refers to 2ms_analy.o(.bss) for AllFlag
    usart2.o(.text) refers to main.o(.data) for Remote_time
    led.o(.text) refers to stm32f4xx_rcc.o(.text) for RCC_AHB1PeriphClockCmd
    led.o(.text) refers to stm32f4xx_gpio.o(.text) for GPIO_Init
    crc.o(.text) refers to stm32f4xx_rcc.o(.text) for RCC_AHB1PeriphClockCmd
    crc.o(.text) refers to crc.o(.constdata) for CRC8_TAB
    crc.o(.text) refers to crc.o(.data) for CRC_INIT
    anoc.o(.text) refers to stm32f4xx_rcc.o(.text) for RCC_AHB1PeriphClockCmd
    anoc.o(.text) refers to stm32f4xx_gpio.o(.text) for GPIO_PinAFConfig
    anoc.o(.text) refers to stm32f4xx_usart.o(.text) for USART_Init
    anoc.o(.text) refers to anoc.o(.data) for send_cnt
    stm32f4xx_gpio.o(.text) refers to stm32f4xx_rcc.o(.text) for RCC_AHB1PeriphResetCmd
[...]
    SVC_Handler                              0x080004c3   Thumb Code     2  stm32f4xx_it.o(.text)
    DebugMon_Handler                         0x080004c5   Thumb Code     2  stm32f4xx_it.o(.text)
    PendSV_Handler                           0x080004c7   Thumb Code     2  stm32f4xx_it.o(.text)
    SysTick_Handler                          0x080004c9   Thumb Code    12  stm32f4xx_it.o(.text)
    constrain                                0x08000523   Thumb Code    42  system.o(.text)
    constrain_int32                          0x0800054d   Thumb Code    22  system.o(.text)
    constrain_int16                          0x08000563   Thumb Code    22  system.o(.text)
    constrain_int                            0x08000579   Thumb Code    22  system.o(.text)
    micros                                   0x080005a5   Thumb Code    58  system.o(.text)
    delay_us                                 0x080005df   Thumb Code    24  system.o(.text)
    delay_ms                                 0x080005f7   Thumb Code    24  system.o(.text)
    millis                                   0x0800060f   Thumb Code     6  system.o(.text)
    systemInit                               0x08000615   Thumb Code    26  system.o(.text)
    Stop                                     0x0800062f   Thumb Code     2  system.o(.text)
    Parameter_Init                           0x08000631   Thumb Code     2  system.o(.text)
    System_Init                              0x08000633   Thumb Code    58  system.o(.text)
    Loop                                     0x0800066d   Thumb Code   214  system.o(.text)
    pid_handle1                              0x08000799   Thumb Code   308  pid.o(.text)
    pid_handle2                              0x080008cd   Thumb Code   248  pid.o(.text)
    gimble_PID                               0x080009c5   Thumb Code   492  pid.o(.text)
    gimble_PID2                              0x08000bb1   Thumb Code   554  pid.o(.text)
    Incremental_PI                           0x08000ddb   Thumb Code   294  pid.o(.text)
    balance_momentum                         0x08000f01   Thumb Code   362  pid.o(.text)
    velocity_momentum                        0x0800106b   Thumb Code   494  pid.o(.text)
    balanstand_momentum                      0x08001259   Thumb Code   588  pid.o(.text)
    PID_Init                                 0x080014a5   Thumb Code   246  pid.o(.text)
    clear_PID                                0x0800159b   Thumb Code   278  pid.o(.text)
    pid_handle3_test                         0x080016b1   Thumb Code   508  pid.o(.text)
    pid_handle1_test                         0x080018ad   Thumb Code   472  pid.o(.text)
    pid_handle2_test                         0x08001a85   Thumb Code   564  pid.o(.text)
    balanstand2                              0x08001cb9   Thumb Code   584  pid.o(.text)
    balanSpeed                               0x08001f01   Thumb Code   466  pid.o(.text)
    balanstand                               0x080020d3   Thumb Code   560  pid.o(.text)
    singlespeedPID                           0x08002303   Thumb Code   538  pid.o(.text)
    balanturn                                0x0800251d   Thumb Code   348  pid.o(.text)
    balanturn2                               0x08002679   Thumb Code   304  pid.o(.text)
    balanturn3                               0x080027a9   Thumb Code   236  pid.o(.text)
    analy_Flag                               0x08002895   Thumb Code   254  2ms_analy.o(.text)
    kalmanCreate                             0x080029bd   Thumb Code   232  kalman.o(.text)
    KalmanFilter                             0x08002aa5   Thumb Code   134  kalman.o(.text)
    average_add                              0x08002b2b   Thumb Code   220  kalman.o(.text)
    Init_kal                                 0x08002c07   Thumb Code    10  kalman.o(.text)
    Fuzzytrans                               0x08002f8f   Thumb Code   106  fuzzypid.o(.text)
    CAN1_Init                                0x08003015   Thumb Code   236  can1.o(.text)
    CAN1_Send_Msg_chassis                    0x08003101   Thumb Code   108  can1.o(.text)
    CAN1_Send_Msg_chassis_2                  0x0800316d   Thumb Code   108  can1.o(.text)
    CAN1_Send_Msg_gimbel                     0x080031d9   Thumb Code   108  can1.o(.text)
    DataCan1Analy                            0x08003245   Thumb Code   436  can1.o(.text)
    CAN1_RX0_IRQHandler                      0x080033f9   Thumb Code   100  can1.o(.text)
    Chassis_AngleAnaly                       0x0800345d   Thumb Code   234  can1.o(.text)
    CAN2_Init                                0x0800354d   Thumb Code   290  can2.o(.text)
    CAN2_RX0_IRQHandler                      0x0800366f   Thumb Code    36  can2.o(.text)
    CAN2_TX_IRQHandler                       0x08003693   Thumb Code    22  can2.o(.text)
    RC_Init                                  0x080036b1   Thumb Code   256  usart2.o(.text)
    DMA1_Stream5_IRQHandler                  0x080037b1   Thumb Code   536  usart2.o(.text)
    Led_Init                                 0x080039f9   Thumb Code    84  led.o(.text)
    CRC_init                                 0x08003a51   Thumb Code    12  crc.o(.text)
    Get_CRC8_Check_Sum                       0x08003a5d   Thumb Code    30  crc.o(.text)
    Verify_CRC8_Check_Sum                    0x08003a7b   Thumb Code    46  crc.o(.text)
    Append_CRC8_Check_Sum                    0x08003aa9   Thumb Code    36  crc.o(.text)
    Get_CRC16_Check_Sum                      0x08003acd   Thumb Code    46  crc.o(.text)
    Verify_CRC16_Check_Sum                   0x08003afb   Thumb Code    60  crc.o(.text)
    Append_CRC16_Check_Sum                   0x08003b37   Thumb Code    44  crc.o(.text)
    usart1_init                              0x08003b71   Thumb Code   124  anoc.o(.text)
    Anoc_SendChar                            0x08003bed   Thumb Code    22  anoc.o(.text)
    UART4_IRQHandler                         0x08003c03   Thumb Code    28  anoc.o(.text)
    ANOC_SendToPc1                           0x08003c1f   Thumb Code   168  anoc.o(.text)
    ANOC_SendToPc                            0x08003cc7   Thumb Code   224  anoc.o(.text)
    RP_SendToPc                              0x08003da7   Thumb Code   106  anoc.o(.text)
    RP_SendToPc2                             0x08003e11   Thumb Code   106  anoc.o(.text)
    RP_SendToPc3                             0x08003e7b   Thumb Code     2  anoc.o(.text)
    NVIC_PriorityGroupConfig                 0x08003e89   Thumb Code    10  misc.o(.text)
    NVIC_Init                                0x08003e93   Thumb Code   106  misc.o(.text)
    NVIC_SetVectorTable                      0x08003efd   Thumb Code    14  misc.o(.text)
    NVIC_SystemLPConfig                      0x08003f0b   Thumb Code    34  misc.o(.text)
    SysTick_CLKSourceConfig                  0x08003f2d   Thumb Code    40  misc.o(.text)
    GPIO_DeInit                              0x08003f69   Thumb Code   268  stm32f4xx_gpio.o(.text)
    GPIO_Init                                0x08004075   Thumb Code   144  stm32f4xx_gpio.o(.text)
    GPIO_StructInit                          0x08004105   Thumb Code    18  stm32f4xx_gpio.o(.text)
    GPIO_PinLockConfig                       0x08004117   Thumb Code    34  stm32f4xx_gpio.o(.text)
    GPIO_ReadInputDataBit                    0x08004139   Thumb Code    18  stm32f4xx_gpio.o(.text)
    GPIO_ReadInputData                       0x0800414b   Thumb Code     8  stm32f4xx_gpio.o(.text)
    GPIO_ReadOutputDataBit                   0x08004153   Thumb Code    18  stm32f4xx_gpio.o(.text)
    GPIO_ReadOutputData                      0x08004165   Thumb Code     8  stm32f4xx_gpio.o(.text)
    GPIO_SetBits                             0x0800416d   Thumb Code     4  stm32f4xx_gpio.o(.text)
    GPIO_ResetBits                           0x08004171   Thumb Code     4  stm32f4xx_gpio.o(.text)
    GPIO_WriteBit                            0x08004175   Thumb Code    10  stm32f4xx_gpio.o(.text)
    GPIO_Write                               0x0800417f   Thumb Code     4  stm32f4xx_gpio.o(.text)
    GPIO_ToggleBits                          0x08004183   Thumb Code     8  stm32f4xx_gpio.o(.text)
    GPIO_PinAFConfig                         0x0800418b   Thumb Code    70  stm32f4xx_gpio.o(.text)
    RCC_DeInit                               0x080041fd   Thumb Code    82  stm32f4xx_rcc.o(.text)
    RCC_HSEConfig                            0x0800424f   Thumb Code    14  stm32f4xx_rcc.o(.text)
    RCC_GetFlagStatus                        0x0800425d   Thumb Code    60  stm32f4xx_rcc.o(.text)
    RCC_WaitForHSEStartUp                    0x08004299   Thumb Code    56  stm32f4xx_rcc.o(.text)
    RCC_AdjustHSICalibrationValue            0x080042d1   Thumb Code    20  stm32f4xx_rcc.o(.text)
    RCC_HSICmd                               0x080042e5   Thumb Code     6  stm32f4xx_rcc.o(.text)
    RCC_LSEConfig                            0x080042eb   Thumb Code    46  stm32f4xx_rcc.o(.text)
    RCC_LSICmd                               0x08004319   Thumb Code     6  stm32f4xx_rcc.o(.text)
    RCC_PLLConfig                            0x0800431f   Thumb Code    32  stm32f4xx_rcc.o(.text)
    RCC_PLLCmd                               0x0800433f   Thumb Code     6  stm32f4xx_rcc.o(.text)
    RCC_PLLI2SConfig                         0x08004345   Thumb Code    14  stm32f4xx_rcc.o(.text)
    RCC_PLLI2SCmd                            0x08004353   Thumb Code     6  stm32f4xx_rcc.o(.text)
    RCC_PLLSAIConfig                         0x08004359   Thumb Code    20  stm32f4xx_rcc.o(.text)
    RCC_PLLSAICmd                            0x0800436d   Thumb Code     6  stm32f4xx_rcc.o(.text)
    RCC_ClockSecuritySystemCmd               0x08004373   Thumb Code     6  stm32f4xx_rcc.o(.text)
    RCC_MCO1Config                           0x08004379   Thumb Code    28  stm32f4xx_rcc.o(.text)
    RCC_MCO2Config                           0x08004395   Thumb Code    28  stm32f4xx_rcc.o(.text)
    RCC_SYSCLKConfig                         0x080043b1   Thumb Code    20  stm32f4xx_rcc.o(.text)
    RCC_GetSYSCLKSource                      0x080043c5   Thumb Code    12  stm32f4xx_rcc.o(.text)
    RCC_HCLKConfig                           0x080043d1   Thumb Code    20  stm32f4xx_rcc.o(.text)
    RCC_PCLK1Config                          0x080043e5   Thumb Code    20  stm32f4xx_rcc.o(.text)
    RCC_PCLK2Config                          0x080043f9   Thumb Code    22  stm32f4xx_rcc.o(.text)
    RCC_GetClocksFreq                        0x0800440f   Thumb Code   222  stm32f4xx_rcc.o(.text)
    RCC_RTCCLKConfig                         0x080044ed   Thumb Code    54  stm32f4xx_rcc.o(.text)
    RCC_RTCCLKCmd                            0x08004523   Thumb Code     8  stm32f4xx_rcc.o(.text)
    RCC_BackupResetCmd                       0x0800452b   Thumb Code     8  stm32f4xx_rcc.o(.text)
    RCC_I2SCLKConfig                         0x08004533   Thumb Code     6  stm32f4xx_rcc.o(.text)
    RCC_SAIPLLI2SClkDivConfig                0x08004539   Thumb Code    26  stm32f4xx_rcc.o(.text)
    RCC_SAIPLLSAIClkDivConfig                0x08004553   Thumb Code    28  stm32f4xx_rcc.o(.text)
    RCC_SAIBlockACLKConfig                   0x0800456f   Thumb Code    20  stm32f4xx_rcc.o(.text)
    RCC_SAIBlockBCLKConfig                   0x08004583   Thumb Code    20  stm32f4xx_rcc.o(.text)
    RCC_LTDCCLKDivConfig                     0x08004597   Thumb Code    20  stm32f4xx_rcc.o(.text)
    RCC_TIMCLKPresConfig                     0x080045ab   Thumb Code     6  stm32f4xx_rcc.o(.text)
    RCC_AHB1PeriphClockCmd                   0x080045b1   Thumb Code    34  stm32f4xx_rcc.o(.text)
    RCC_AHB2PeriphClockCmd                   0x080045d3   Thumb Code    78  stm32f4xx_rcc.o(.text)
    RCC_AHB3PeriphClockCmd                   0x08004621   Thumb Code    34  stm32f4xx_rcc.o(.text)
    RCC_APB1PeriphClockCmd                   0x08004643   Thumb Code    34  stm32f4xx_rcc.o(.text)
    RCC_APB2PeriphClockCmd                   0x08004665   Thumb Code    34  stm32f4xx_rcc.o(.text)
    RCC_AHB1PeriphResetCmd                   0x08004687   Thumb Code    34  stm32f4xx_rcc.o(.text)
    RCC_AHB2PeriphResetCmd                   0x080046a9   Thumb Code    34  stm32f4xx_rcc.o(.text)
    RCC_AHB3PeriphResetCmd                   0x080046cb   Thumb Code    34  stm32f4xx_rcc.o(.text)
    RCC_APB1PeriphResetCmd                   0x080046ed   Thumb Code    34  stm32f4xx_rcc.o(.text)
    RCC_APB2PeriphResetCmd                   0x0800470f   Thumb Code    34  stm32f4xx_rcc.o(.text)
    RCC_AHB1PeriphClockLPModeCmd             0x08004731   Thumb Code    34  stm32f4xx_rcc.o(.text)
    RCC_AHB2PeriphClockLPModeCmd             0x08004753   Thumb Code    34  stm32f4xx_rcc.o(.text)
    RCC_AHB3PeriphClockLPModeCmd             0x08004775   Thumb Code    34  stm32f4xx_rcc.o(.text)
    RCC_APB1PeriphClockLPModeCmd             0x08004797   Thumb Code    34  stm32f4xx_rcc.o(.text)
    RCC_APB2PeriphClockLPModeCmd             0x080047b9   Thumb Code    34  stm32f4xx_rcc.o(.text)
    RCC_ITConfig                             0x080047db   Thumb Code    34  stm32f4xx_rcc.o(.text)
    RCC_ClearFlag                            0x080047fd   Thumb Code    18  stm32f4xx_rcc.o(.text)
    RCC_GetITStatus                          0x0800480f   Thumb Code    22  stm32f4xx_rcc.o(.text)
    RCC_ClearITPendingBit                    0x08004825   Thumb Code     8  stm32f4xx_rcc.o(.text)
    USART_DeInit                             0x08004831   Thumb Code   206  stm32f4xx_usart.o(.text)
    USART_Init                               0x080048ff   Thumb Code   204  stm32f4xx_usart.o(.text)
    USART_StructInit                         0x080049cb   Thumb Code    24  stm32f4xx_usart.o(.text)
    USART_ClockInit                          0x080049e3   Thumb Code    32  stm32f4xx_usart.o(.text)
    USART_ClockStructInit                    0x08004a03   Thumb Code    12  stm32f4xx_usart.o(.text)
    USART_Cmd                                0x08004a0f   Thumb Code    24  stm32f4xx_usart.o(.text)
    USART_SetPrescaler                       0x08004a27   Thumb Code    16  stm32f4xx_usart.o(.text)
    USART_OverSampling8Cmd                   0x08004a37   Thumb Code    22  stm32f4xx_usart.o(.text)
    USART_OneBitMethodCmd                    0x08004a4d   Thumb Code    24  stm32f4xx_usart.o(.text)
    USART_SendData                           0x08004a65   Thumb Code     8  stm32f4xx_usart.o(.text)
    USART_ReceiveData                        0x08004a6d   Thumb Code    10  stm32f4xx_usart.o(.text)
    USART_SetAddress                         0x08004a77   Thumb Code    18  stm32f4xx_usart.o(.text)
    USART_ReceiverWakeUpCmd                  0x08004a89   Thumb Code    24  stm32f4xx_usart.o(.text)
    USART_WakeUpConfig                       0x08004aa1   Thumb Code    18  stm32f4xx_usart.o(.text)
    USART_LINBreakDetectLengthConfig         0x08004ab3   Thumb Code    18  stm32f4xx_usart.o(.text)
    USART_LINCmd                             0x08004ac5   Thumb Code    24  stm32f4xx_usart.o(.text)
    USART_SendBreak                          0x08004add   Thumb Code    10  stm32f4xx_usart.o(.text)
    USART_HalfDuplexCmd                      0x08004ae7   Thumb Code    24  stm32f4xx_usart.o(.text)
    USART_SetGuardTime                       0x08004aff   Thumb Code    16  stm32f4xx_usart.o(.text)
    USART_SmartCardCmd                       0x08004b0f   Thumb Code    24  stm32f4xx_usart.o(.text)
    USART_SmartCardNACKCmd                   0x08004b27   Thumb Code    24  stm32f4xx_usart.o(.text)
    USART_IrDAConfig                         0x08004b3f   Thumb Code    18  stm32f4xx_usart.o(.text)
    USART_IrDACmd                            0x08004b51   Thumb Code    24  stm32f4xx_usart.o(.text)
    USART_DMACmd                             0x08004b69   Thumb Code    18  stm32f4xx_usart.o(.text)
    USART_ITConfig                           0x08004b7b   Thumb Code    74  stm32f4xx_usart.o(.text)
    USART_GetFlagStatus                      0x08004bc5   Thumb Code    26  stm32f4xx_usart.o(.text)
    USART_ClearFlag                          0x08004bdf   Thumb Code    18  stm32f4xx_usart.o(.text)
    USART_GetITStatus                        0x08004bf1   Thumb Code   118  stm32f4xx_usart.o(.text)
    USART_ClearITPendingBit                  0x08004c67   Thumb Code    30  stm32f4xx_usart.o(.text)
    Reset_Handler                            0x08004c85   Thumb Code     8  startup_stm32f40xx.o(.text)
    ADC_IRQHandler                           0x08004c9f   Thumb Code     0  startup_stm32f40xx.o(.text)
    CAN1_RX1_IRQHandler                      0x08004c9f   Thumb Code     0  startup_stm32f40xx.o(.text)
    CAN1_SCE_IRQHandler                      0x08004c9f   Thumb Code     0  startup_stm32f40xx.o(.text)
    CAN1_TX_IRQHandler                       0x08004c9f   Thumb Code     0  startup_stm32f40xx.o(.text)
    CAN2_RX1_IRQHandler                      0x08004c9f   Thumb Code     0  startup_stm32f40xx.o(.text)
    CAN2_SCE_IRQHandler                      0x08004c9f   Thumb Code     0  startup_stm32f40xx.o(.text)
    CRYP_IRQHandler                          0x08004c9f   Thumb Code     0  startup_stm32f40xx.o(.text)
    DCMI_IRQHandler                          0x08004c9f   Thumb Code     0  startup_stm32f40xx.o(.text)
    DMA1_Stream0_IRQHandler                  0x08004c9f   Thumb Code     0  startup_stm32f40xx.o(.text)
    DMA1_Stream1_IRQHandler                  0x08004c9f   Thumb Code     0  startup_stm32f40xx.o(.text)
    DMA1_Stream2_IRQHandler                  0x08004c9f   Thumb Code     0  startup_stm32f40xx.o(.text)
    DMA1_Stream3_IRQHandler                  0x08004c9f   Thumb Code     0  startup_stm32f40xx.o(.text)
    DMA1_Stream4_IRQHandler                  0x08004c9f   Thumb Code     0  startup_stm32f40xx.o(.text)
    DMA1_Stream6_IRQHandler                  0x08004c9f   Thumb Code     0  startup_stm32f40xx.o(.text)
    DMA1_Stream7_IRQHandler                  0x08004c9f   Thumb Code     0  startup_stm32f40xx.o(.text)
    DMA2_Stream0_IRQHandler                  0x08004c9f   Thumb Code     0  startup_stm32f40xx.o(.text)
    DMA2_Stream1_IRQHandler                  0x08004c9f   Thumb Code     0  startup_stm32f40xx.o(.text)
    DMA2_Stream2_IRQHandler                  0x08004c9f   Thumb Code     0  startup_stm32f40xx.o(.text)
    DMA2_Stream3_IRQHandler                  0x08004c9f   Thumb Code     0  startup_stm32f40xx.o(.text)
    DMA2_Stream4_IRQHandler                  0x08004c9f   Thumb Code     0  startup_stm32f40xx.o(.text)
    DMA2_Stream5_IRQHandler                  0x08004c9f   Thumb Code     0  startup_stm32f40xx.o(.text)
    DMA2_Stream6_IRQHandler                  0x08004c9f   Thumb Code     0  startup_stm32f40xx.o(.text)
    DMA2_Stream7_IRQHandler                  0x08004c9f   Thumb Code     0  startup_stm32f40xx.o(.text)
    ETH_IRQHandler                           0x08004c9f   Thumb Code     0  startup_stm32f40xx.o(.text)
    ETH_WKUP_IRQHandler                      0x08004c9f   Thumb Code     0  startup_stm32f40xx.o(.text)
    EXTI0_IRQHandler                         0x08004c9f   Thumb Code     0  startup_stm32f40xx.o(.text)
    EXTI15_10_IRQHandler                     0x08004c9f   Thumb Code     0  startup_stm32f40xx.o(.text)
    EXTI1_IRQHandler                         0x08004c9f   Thumb Code     0  startup_stm32f40xx.o(.text)
    EXTI2_IRQHandler                         0x08004c9f   Thumb Code     0  startup_stm32f40xx.o(.text)
    EXTI3_IRQHandler                         0x08004c9f   Thumb Code     0  startup_stm32f40xx.o(.text)
    EXTI4_IRQHandler                         0x08004c9f   Thumb Code     0  startup_stm32f40xx.o(.text)
    EXTI9_5_IRQHandler                       0x08004c9f   Thumb Code     0  startup_stm32f40xx.o(.text)
    FLASH_IRQHandler                         0x08004c9f   Thumb Code     0  startup_stm32f40xx.o(.text)
    FPU_IRQHandler                           0x08004c9f   Thumb Code     0  startup_stm32f40xx.o(.text)
    FSMC_IRQHandler                          0x08004c9f   Thumb Code     0  startup_stm32f40xx.o(.text)
    HASH_RNG_IRQHandler                      0x08004c9f   Thumb Code     0  startup_stm32f40xx.o(.text)
    I2C1_ER_IRQHandler                       0x08004c9f   Thumb Code     0  startup_stm32f40xx.o(.text)
    I2C1_EV_IRQHandler                       0x08004c9f   Thumb Code     0  startup_stm32f40xx.o(.text)
    I2C2_ER_IRQHandler                       0x08004c9f   Thumb Code     0  startup_stm32f40xx.o(.text)
    I2C2_EV_IRQHandler                       0x08004c9f   Thumb Code     0  startup_stm32f40xx.o(.text)
    I2C3_ER_IRQHandler                       0x08004c9f   Thumb Code     0  startup_stm32f40xx.o(.text)
    I2C3_EV_IRQHandler                       0x08004c9f   Thumb Code     0  startup_stm32f40xx.o(.text)
    OTG_FS_IRQHandler                        0x08004c9f   Thumb Code     0  startup_stm32f40xx.o(.text)
    OTG_FS_WKUP_IRQHandler                   0x08004c9f   Thumb Code     0  startup_stm32f40xx.o(.text)
    OTG_HS_EP1_IN_IRQHandler                 0x08004c9f   Thumb Code     0  startup_stm32f40xx.o(.text)
    OTG_HS_EP1_OUT_IRQHandler                0x08004c9f   Thumb Code     0  startup_stm32f40xx.o(.text)
    OTG_HS_IRQHandler                        0x08004c9f   Thumb Code     0  startup_stm32f40xx.o(.text)
    OTG_HS_WKUP_IRQHandler                   0x08004c9f   Thumb Code     0  startup_stm32f40xx.o(.text)
    PVD_IRQHandler                           0x08004c9f   Thumb Code     0  startup_stm32f40xx.o(.text)
    RCC_IRQHandler                           0x08004c9f   Thumb Code     0  startup_stm32f40xx.o(.text)
    RTC_Alarm_IRQHandler                     0x08004c9f   Thumb Code     0  startup_stm32f40xx.o(.text)
    RTC_WKUP_IRQHandler                      0x08004c9f   Thumb Code     0  startup_stm32f40xx.o(.text)
    SDIO_IRQHandler                          0x08004c9f   Thumb Code     0  startup_stm32f40xx.o(.text)
    SPI1_IRQHandler                          0x08004c9f   Thumb Code     0  startup_stm32f40xx.o(.text)
    SPI2_IRQHandler                          0x08004c9f   Thumb Code     0  startup_stm32f40xx.o(.text)
    SPI3_IRQHandler                          0x08004c9f   Thumb Code     0  startup_stm32f40xx.o(.text)
    TAMP_STAMP_IRQHandler                    0x08004c9f   Thumb Code     0  startup_stm32f40xx.o(.text)
    TIM1_BRK_TIM9_IRQHandler                 0x08004c9f   Thumb Code     0  startup_stm32f40xx.o(.text)
    TIM1_CC_IRQHandler                       0x08004c9f   Thumb Code     0  startup_stm32f40xx.o(.text)
    TIM1_TRG_COM_TIM11_IRQHandler            0x08004c9f   Thumb Code     0  startup_stm32f40xx.o(.text)
    TIM1_UP_TIM10_IRQHandler                 0x08004c9f   Thumb Code     0  startup_stm32f40xx.o(.text)
    TIM2_IRQHandler                          0x08004c9f   Thumb Code     0  startup_stm32f40xx.o(.text)
    TIM3_IRQHandler                          0x08004c9f   Thumb Code     0  startup_stm32f40xx.o(.text)
    TIM4_IRQHandler                          0x08004c9f   Thumb Code     0  startup_stm32f40xx.o(.text)
    TIM5_IRQHandler                          0x08004c9f   Thumb Code     0  startup_stm32f40xx.o(.text)
    TIM6_DAC_IRQHandler                      0x08004c9f   Thumb Code     0  startup_stm32f40xx.o(.text)
    TIM7_IRQHandler                          0x08004c9f   Thumb Code     0  startup_stm32f40xx.o(.text)
    TIM8_BRK_TIM12_IRQHandler                0x08004c9f   Thumb Code     0  startup_stm32f40xx.o(.text)
    TIM8_CC_IRQHandler                       0x08004c9f   Thumb Code     0  startup_stm32f40xx.o(.text)
    TIM8_TRG_COM_TIM14_IRQHandler            0x08004c9f   Thumb Code     0  startup_stm32f40xx.o(.text)
    TIM8_UP_TIM13_IRQHandler                 0x08004c9f   Thumb Code     0  startup_stm32f40xx.o(.text)
    UART5_IRQHandler                         0x08004c9f   Thumb Code     0  startup_stm32f40xx.o(.text)
    USART1_IRQHandler                        0x08004c9f   Thumb Code     0  startup_stm32f40xx.o(.text)
    USART2_IRQHandler                        0x08004c9f   Thumb Code     0  startup_stm32f40xx.o(.text)
    USART3_IRQHandler                        0x08004c9f   Thumb Code     0  startup_stm32f40xx.o(.text)
    USART6_IRQHandler                        0x08004c9f   Thumb Code     0  startup_stm32f40xx.o(.text)
    WWDG_IRQHandler                          0x08004c9f   Thumb Code     0  startup_stm32f40xx.o(.text)
    __user_initial_stackheap                 0x08004ca1   Thumb Code     0  startup_stm32f40xx.o(.text)
    SystemInit                               0x08004da1   Thumb Code    88  system_stm32f4xx.o(.text)
    SystemCoreClockUpdate                    0x08004df9   Thumb Code   174  system_stm32f4xx.o(.text)
    CAN_DeInit                               0x08004ed5   Thumb Code    50  stm32f4xx_can.o(.text)
    CAN_Init                                 0x08004f07   Thumb Code   276  stm32f4xx_can.o(.text)
    CAN_FilterInit                           0x0800501b   Thumb Code   258  stm32f4xx_can.o(.text)
    CAN_StructInit                           0x0800511d   Thumb Code    32  stm32f4xx_can.o(.text)
    CAN_SlaveStartBank                       0x0800513d   Thumb Code    48  stm32f4xx_can.o(.text)
    CAN_DBGFreeze                            0x0800516d   Thumb Code    22  stm32f4xx_can.o(.text)
    CAN_TTComModeCmd                         0x08005183   Thumb Code   118  stm32f4xx_can.o(.text)
    CAN_Transmit                             0x080051f9   Thumb Code   304  stm32f4xx_can.o(.text)
    CAN_TransmitStatus                       0x08005329   Thumb Code   138  stm32f4xx_can.o(.text)
    CAN_CancelTransmit                       0x080053b3   Thumb Code    48  stm32f4xx_can.o(.text)
    CAN_Receive                              0x080053e3   Thumb Code   240  stm32f4xx_can.o(.text)
    CAN_FIFORelease                          0x080054d3   Thumb Code    22  stm32f4xx_can.o(.text)
    CAN_MessagePending                       0x080054e9   Thumb Code    30  stm32f4xx_can.o(.text)
    CAN_OperatingModeRequest                 0x08005507   Thumb Code   162  stm32f4xx_can.o(.text)
    CAN_Sleep                                0x080055a9   Thumb Code    30  stm32f4xx_can.o(.text)
    CAN_WakeUp                               0x080055c7   Thumb Code    48  stm32f4xx_can.o(.text)
    CAN_GetLastErrorCode                     0x080055f7   Thumb Code    12  stm32f4xx_can.o(.text)
    CAN_GetReceiveErrorCounter               0x08005603   Thumb Code    10  stm32f4xx_can.o(.text)
    CAN_GetLSBTransmitErrorCounter           0x0800560d   Thumb Code    12  stm32f4xx_can.o(.text)
    CAN_ITConfig                             0x08005619   Thumb Code    18  stm32f4xx_can.o(.text)
    CAN_GetFlagStatus                        0x0800562b   Thumb Code   120  stm32f4xx_can.o(.text)
    CAN_ClearFlag                            0x080056a3   Thumb Code    52  stm32f4xx_can.o(.text)
    CAN_GetITStatus                          0x080056e9   Thumb Code   310  stm32f4xx_can.o(.text)
    CAN_ClearITPendingBit                    0x0800581f   Thumb Code   162  stm32f4xx_can.o(.text)
    DMA_DeInit                               0x080058c5   Thumb Code   324  stm32f4xx_dma.o(.text)
    DMA_Init                                 0x08005a09   Thumb Code    82  stm32f4xx_dma.o(.text)
    DMA_StructInit                           0x08005a5b   Thumb Code    34  stm32f4xx_dma.o(.text)
    DMA_Cmd                                  0x08005a7d   Thumb Code    22  stm32f4xx_dma.o(.text)
    DMA_PeriphIncOffsetSizeConfig            0x08005a93   Thumb Code    22  stm32f4xx_dma.o(.text)
    DMA_FlowControllerConfig                 0x08005aa9   Thumb Code    22  stm32f4xx_dma.o(.text)
    DMA_SetCurrDataCounter                   0x08005abf   Thumb Code     4  stm32f4xx_dma.o(.text)
    DMA_GetCurrDataCounter                   0x08005ac3   Thumb Code     8  stm32f4xx_dma.o(.text)
    DMA_DoubleBufferModeConfig               0x08005acb   Thumb Code    24  stm32f4xx_dma.o(.text)
    DMA_DoubleBufferModeCmd                  0x08005ae3   Thumb Code    22  stm32f4xx_dma.o(.text)
    DMA_MemoryTargetConfig                   0x08005af9   Thumb Code    10  stm32f4xx_dma.o(.text)
    DMA_GetCurrentMemoryTarget               0x08005b03   Thumb Code    20  stm32f4xx_dma.o(.text)
    DMA_GetCmdStatus                         0x08005b17   Thumb Code    20  stm32f4xx_dma.o(.text)
    DMA_GetFIFOStatus                        0x08005b2b   Thumb Code    12  stm32f4xx_dma.o(.text)
    DMA_GetFlagStatus                        0x08005b37   Thumb Code    56  stm32f4xx_dma.o(.text)
    DMA_ClearFlag                            0x08005b6f   Thumb Code    40  stm32f4xx_dma.o(.text)
    DMA_ITConfig                             0x08005b97   Thumb Code    58  stm32f4xx_dma.o(.text)
    DMA_GetITStatus                          0x08005bd1   Thumb Code    84  stm32f4xx_dma.o(.text)
    DMA_ClearITPendingBit                    0x08005c25   Thumb Code    40  stm32f4xx_dma.o(.text)
    _sys_exit                                0x08005c6d   Thumb Code     8  usart.o(.text)
    fputc                                    0x08005c75   Thumb Code    22  usart.o(.text)
    _ttywrch                                 0x08005c8b   Thumb Code     2  usart.o(.text)
    uart_init                                0x08005c8d   Thumb Code     2  usart.o(.text)
    wheel_Initanaly                          0x08005c95   Thumb Code   136  task_chassis.o(.text)
    Wait_stand_init                          0x08005d1d   Thumb Code   252  task_chassis.o(.text)
    mpu_AngleAnaly                           0x08005e19   Thumb Code    76  task_chassis.o(.text)
    mpu_AngleAnaly2                          0x08005e65   Thumb Code   246  task_chassis.o(.text)
    send_chassis_moto                        0x08005f5b   Thumb Code   108  task_chassis.o(.text)
    chassis_control                          0x08005fc7   Thumb Code  1642  task_chassis.o(.text)
    send_gimble_moto                         0x0800664d   Thumb Code    42  task_gimble.o(.text)
    gimble_control                           0x08006677   Thumb Code   222  task_gimble.o(.text)
    remote_calculate                         0x0800677d   Thumb Code   506  remote.o(.text)
    control_circle_init                      0x08006977   Thumb Code    56  remote.o(.text)
    AngleAnaly                               0x080069f1   Thumb Code   246  task_stand.o(.text)
    Searchangle                              0x08006ae7   Thumb Code   458  task_stand.o(.text)
    normal                                   0x08006ce9   Thumb Code    98  task_momentum.o(.text)
    Decide_Condition                         0x08006d4b   Thumb Code     8  task_momentum.o(.text)
    negative_feedback                        0x08006d53   Thumb Code   106  task_momentum.o(.text)
    positive_feedback                        0x08006dbd   Thumb Code    88  task_momentum.o(.text)
    none_feedback                            0x08006e15   Thumb Code    42  task_momentum.o(.text)
    choose_feedback                          0x08006e3f   Thumb Code   550  task_momentum.o(.text)
    Set_gyro                                 0x080070a1   Thumb Code    94  bmi.o(.text)
    Set_accel                                0x080070ff   Thumb Code    90  bmi.o(.text)
    BMI_Init                                 0x08007159   Thumb Code   112  bmi.o(.text)
    BMI_Get_AUX                              0x080071c9   Thumb Code   192  bmi.o(.text)
    BMI_GET_DATA                             0x08007289   Thumb Code   182  bmi.o(.text)
    BMI_Get_GRO                              0x0800733f   Thumb Code   146  bmi.o(.text)
    BMI_Get_ACC                              0x080073d1   Thumb Code   146  bmi.o(.text)
    inVSqrt                                  0x08007463   Thumb Code    56  bmi.o(.text)
    BMI_Get_data                             0x08007507   Thumb Code  2138  bmi.o(.text)
    bmi2_get_regs                            0x08007db5   Thumb Code   168  bmi2.o(.text)
    bmi2_get_internal_status                 0x08007e5d   Thumb Code    52  bmi2.o(.text)
    bmi2_set_regs                            0x08007e91   Thumb Code   166  bmi2.o(.text)
    bmi2_set_adv_power_save                  0x08007f37   Thumb Code    94  bmi2.o(.text)
    bmi2_write_config_file                   0x08008111   Thumb Code   100  bmi2.o(.text)
    bmi2_soft_reset                          0x08008175   Thumb Code    94  bmi2.o(.text)
    bmi2_sec_init                            0x080081d3   Thumb Code   100  bmi2.o(.text)
    bmi2_get_feat_config                     0x08008237   Thumb Code   204  bmi2.o(.text)
    bmi2_extract_input_feat_config           0x08008303   Thumb Code    58  bmi2.o(.text)
    bmi2_get_config_file_version             0x080083ed   Thumb Code    48  bmi2.o(.text)
    bmi2_sensor_enable                       0x080097ff   Thumb Code    66  bmi2.o(.text)
    bmi2_sensor_disable                      0x08009e55   Thumb Code    66  bmi2.o(.text)
    bmi2_get_status                          0x0800b1cb   Thumb Code    42  bmi2.o(.text)
    bmi2_set_sensor_config                   0x0800b5ab   Thumb Code   766  bmi2.o(.text)
    bmi2_get_sensor_config                   0x0800c88d   Thumb Code   798  bmi2.o(.text)
    bmi2_get_sensor_data                     0x0800d301   Thumb Code   434  bmi2.o(.text)
    bmi2_get_adv_power_save                  0x0800d4b3   Thumb Code    64  bmi2.o(.text)
    bmi2_set_int_pin_config                  0x0800d4f3   Thumb Code   218  bmi2.o(.text)
    bmi2_get_int_pin_config                  0x0800d5cd   Thumb Code   164  bmi2.o(.text)
    bmi2_get_int_status                      0x0800d671   Thumb Code    62  bmi2.o(.text)
    bmi2_set_fifo_config                     0x0800d7ff   Thumb Code   178  bmi2.o(.text)
    bmi2_get_fifo_config                     0x0800d8b1   Thumb Code    76  bmi2.o(.text)
    bmi2_read_fifo_data                      0x0800d95f   Thumb Code   108  bmi2.o(.text)
    bmi2_extract_accel                       0x0800df7d   Thumb Code   164  bmi2.o(.text)
    bmi2_extract_gyro                        0x0800e4c7   Thumb Code   164  bmi2.o(.text)
    bmi2_extract_aux                         0x0800e9cb   Thumb Code   164  bmi2.o(.text)
    bmi2_set_command_register                0x0800ea6f   Thumb Code    32  bmi2.o(.text)
    bmi2_set_fifo_self_wake_up               0x0800ea8f   Thumb Code    64  bmi2.o(.text)
    bmi2_get_fifo_self_wake_up               0x0800eacf   Thumb Code    58  bmi2.o(.text)
    bmi2_set_fifo_wm                         0x0800eb09   Thumb Code    50  bmi2.o(.text)
    bmi2_get_fifo_wm                         0x0800eb3b   Thumb Code    62  bmi2.o(.text)
    bmi2_set_fifo_filter_data                0x0800eb79   Thumb Code   148  bmi2.o(.text)
    bmi2_get_fifo_filter_data                0x0800ec0d   Thumb Code   102  bmi2.o(.text)
    bmi2_set_fifo_down_sample                0x0800ec73   Thumb Code   126  bmi2.o(.text)
    bmi2_get_fifo_down_sample                0x0800ecf1   Thumb Code   104  bmi2.o(.text)
    bmi2_get_fifo_length                     0x0800ed59   Thumb Code    80  bmi2.o(.text)
    bmi2_read_aux_man_mode                   0x0800eee5   Thumb Code   118  bmi2.o(.text)
    bmi2_write_aux_man_mode                  0x0800ef81   Thumb Code   130  bmi2.o(.text)
    bmi2_write_aux_interleaved               0x0800f003   Thumb Code   146  bmi2.o(.text)
    bmi2_set_ois_interface                   0x0800f095   Thumb Code    76  bmi2.o(.text)
    bmi2_write_sync_commands                 0x0800f0e1   Thumb Code    48  bmi2.o(.text)
    bmi2_perform_accel_self_test             0x0800f31b   Thumb Code   214  bmi2.o(.text)
    bmi2_map_feat_int                        0x0800f455   Thumb Code   372  bmi2.o(.text)
    bmi2_map_data_int                        0x0800f5c9   Thumb Code   138  bmi2.o(.text)
    bmi2_get_remap_axes                      0x0800f707   Thumb Code   308  bmi2.o(.text)
    bmi2_set_remap_axes                      0x0800f939   Thumb Code   402  bmi2.o(.text)
    bmi2_update_gyro_user_gain               0x0800fb87   Thumb Code   216  bmi2.o(.text)
    bmi2_read_gyro_user_gain                 0x0800fc5f   Thumb Code    78  bmi2.o(.text)
    bmi2_set_gyro_offset_comp                0x0800fcad   Thumb Code    70  bmi2.o(.text)
    bmi2_read_gyro_offset_comp_axes          0x0800fcf3   Thumb Code   110  bmi2.o(.text)
    bmi2_write_gyro_offset_comp_axes         0x0800fd61   Thumb Code   142  bmi2.o(.text)
    bmi2_get_act_recog_output                0x0800feff   Thumb Code   396  bmi2.o(.text)
    bmi2_get_gyro_cross_sense                0x0801008b   Thumb Code    66  bmi2.o(.text)
    bmi2_perform_accel_foc                   0x08010777   Thumb Code   178  bmi2.o(.text)
    bmi2_perform_gyro_foc                    0x080109e3   Thumb Code   358  bmi2.o(.text)
    bmi2_get_act_recg_sett                   0x08010b49   Thumb Code   232  bmi2.o(.text)
    bmi2_set_act_recg_sett                   0x08010c31   Thumb Code   264  bmi2.o(.text)
    bmi2_do_gyro_st                          0x08011369   Thumb Code    18  bmi2.o(.text)
    bmi2_do_crt                              0x0801137b   Thumb Code    18  bmi2.o(.text)
    bmi2_abort_crt_gyro_st                   0x08011409   Thumb Code   140  bmi2.o(.text)
    bmi2_nvm_prog                            0x08011495   Thumb Code   220  bmi2.o(.text)
    bmi2_user_i2c_init                       0x08011571   Thumb Code    64  bmi2_common.o(.text)
    bmi2_user_spi_init                       0x080115b1   Thumb Code     4  bmi2_common.o(.text)
    user_delay_us                            0x080115b5   Thumb Code    14  bmi2_common.o(.text)
    MPU_Read_all                             0x080115c3   Thumb Code    98  bmi2_common.o(.text)
    MPU_Read_Byte                            0x08011625   Thumb Code    78  bmi2_common.o(.text)
    MPU_Write_Byte                           0x08011673   Thumb Code    78  bmi2_common.o(.text)
    user_delay_ms                            0x080116c1   Thumb Code     2  bmi2_common.o(.text)
    user_i2c_reg_write                       0x080116c3   Thumb Code    90  bmi2_common.o(.text)
    user_i2c_reg_read                        0x0801171d   Thumb Code    40  bmi2_common.o(.text)
    user_spi_reg_write                       0x08011745   Thumb Code     8  bmi2_common.o(.text)
    user_spi_reg_read                        0x0801174d   Thumb Code     8  bmi2_common.o(.text)
    bmi2_interface_selection                 0x08011755   Thumb Code    96  bmi2_common.o(.text)
    bmi2_error_codes_print_result            0x080117b5   Thumb Code     2  bmi2_common.o(.text)
    bmi270_init                              0x080117e5   Thumb Code    96  bmi270.o(.text)
    IIC_Init                                 0x08011851   Thumb Code    62  myiic.o(.text)
    IIC_Start                                0x0801188f   Thumb Code    68  myiic.o(.text)
    IIC_Stop                                 0x080118d3   Thumb Code    62  myiic.o(.text)
    IIC_Wait_Ack                             0x08011911   Thumb Code    82  myiic.o(.text)
    IIC_Ack                                  0x08011963   Thumb Code    66  myiic.o(.text)
    IIC_NAck                                 0x080119a5   Thumb Code    66  myiic.o(.text)
    IIC_Send_Byte                            0x080119e7   Thumb Code    90  myiic.o(.text)
    IIC_Read_Byte                            0x08011a41   Thumb Code    94  myiic.o(.text)
    __use_no_semihosting                     0x08011aad   Thumb Code     2  use_no_semi_2.o(.text)
    malloc                                   0x08011aaf   Thumb Code    94  h1_alloc.o(.text)
    free                                     0x08011b0d   Thumb Code    78  h1_free.o(.text)
    __aeabi_memclr4                          0x08011b5b   Thumb Code     0  rt_memclr_w.o(.text)
    __aeabi_memclr8                          0x08011b5b   Thumb Code     0  rt_memclr_w.o(.text)
    __rt_memclr_w                            0x08011b5b   Thumb Code    78  rt_memclr_w.o(.text)
    _memset_w                                0x08011b5f   Thumb Code     0  rt_memclr_w.o(.text)
    __use_two_region_memory                  0x08011ba9   Thumb Code     2  heapauxi.o(.text)
    __rt_heap_escrow                         0x08011bab   Thumb Code     2  heapauxi.o(.text)
    __rt_heap_expand                         0x08011bad   Thumb Code     2  heapauxi.o(.text)
    __I$use$semihosting                      0x08011baf   Thumb Code     0  use_no_semi.o(.text)
    __use_no_semihosting_swi                 0x08011baf   Thumb Code     2  use_no_semi.o(.text)
    __rt_heap_descriptor                     0x08011bb1   Thumb Code     8  rt_heap_descriptor_intlibspace.o(.text)
    __use_no_heap                            0x08011bb9   Thumb Code     2  hguard.o(.text)
    __heap$guard                             0x08011bbb   Thumb Code     2  hguard.o(.text)
    _terminate_user_alloc                    0x08011bbd   Thumb Code     2  init_alloc.o(.text)
    _init_user_alloc                         0x08011bbf   Thumb Code     2  init_alloc.o(.text)
    __Heap_Full                              0x08011bc1   Thumb Code    34  init_alloc.o(.text)
    __Heap_Broken                            0x08011be3   Thumb Code     6  init_alloc.o(.text)
    _init_alloc                              0x08011be9   Thumb Code    94  init_alloc.o(.text)
    __Heap_Initialize                        0x08011c47   Thumb Code    10  h1_init.o(.text)
    __Heap_DescSize                          0x08011c51   Thumb Code     4  h1_init.o(.text)
    __read_errno                             0x08011c55   Thumb Code    10  _rserrno.o(.text)
    __set_errno                              0x08011c5f   Thumb Code    12  _rserrno.o(.text)
    __user_libspace                          0x08011c6d   Thumb Code     8  libspace.o(.text)
    __user_perproc_libspace                  0x08011c6d   Thumb Code     0  libspace.o(.text)
    __user_perthread_libspace                0x08011c6d   Thumb Code     0  libspace.o(.text)
    __aeabi_errno_addr                       0x08011c75   Thumb Code     8  rt_errno_addr_intlibspace.o(.text)
    __errno$intlibspace                      0x08011c75   Thumb Code     0  rt_errno_addr_intlibspace.o(.text)
    __rt_errno_addr$intlibspace              0x08011c75   Thumb Code     0  rt_errno_addr_intlibspace.o(.text)
    __Heap_ProvideMemory                     0x08011c7d   Thumb Code    52  h1_extend.o(.text)
    __rt_SIGRTMEM                            0x08011cb1   Thumb Code    14  defsig_rtmem_outer.o(.text)
    __user_setup_stackheap                   0x08011cbf   Thumb Code    74  sys_stackheap_outer.o(.text)
    exit                                     0x08011d09   Thumb Code    18  exit.o(.text)
    __sig_exit                               0x08011d1b   Thumb Code    10  defsig_exit.o(.text)
    __rt_SIGRTMEM_inner                      0x08011d25   Thumb Code    22  defsig_rtmem_inner.o(.text)
    __default_signal_display                 0x08011d75   Thumb Code    50  defsig_general.o(.text)
    __ARM_fpclassify                         0x08011da7   Thumb Code    48  fpclassify.o(i.__ARM_fpclassify)
    __hardfp_asin                            0x08011dd9   Thumb Code   770  asin.o(i.__hardfp_asin)
    __hardfp_atan                            0x08012139   Thumb Code   622  atan.o(i.__hardfp_atan)
    __hardfp_atan2                           0x08012411   Thumb Code   432  atan2.o(i.__hardfp_atan2)
    __kernel_poly                            0x08012601   Thumb Code   248  poly.o(i.__kernel_poly)
    __mathlib_dbl_infnan                     0x080126f9   Thumb Code    20  dunder.o(i.__mathlib_dbl_infnan)
    __mathlib_dbl_infnan2                    0x0801270d   Thumb Code    20  dunder.o(i.__mathlib_dbl_infnan2)
    __mathlib_dbl_invalid                    0x08012721   Thumb Code    24  dunder.o(i.__mathlib_dbl_invalid)
    __mathlib_dbl_underflow                  0x08012741   Thumb Code    24  dunder.o(i.__mathlib_dbl_underflow)
    atan                                     0x08012761   Thumb Code    16  atan.o(i.atan)
    fabs                                     0x08012771   Thumb Code    24  fabs.o(i.fabs)
    sqrt                                     0x08012789   Thumb Code   110  sqrt.o(i.sqrt)
    __aeabi_dneg                             0x080127f7   Thumb Code     0  basic.o(x$fpl$basic)
    _dneg                                    0x080127f7   Thumb Code     6  basic.o(x$fpl$basic)
    __aeabi_fneg                             0x080127fd   Thumb Code     0  basic.o(x$fpl$basic)
    _fneg                                    0x080127fd   Thumb Code     6  basic.o(x$fpl$basic)
    _dabs                                    0x08012803   Thumb Code     6  basic.o(x$fpl$basic)
    _fabs                                    0x08012809   Thumb Code     6  basic.o(x$fpl$basic)
    __aeabi_d2f                              0x08012811   Thumb Code     0  d2f.o(x$fpl$d2f)
    _d2f                                     0x08012811   Thumb Code    98  d2f.o(x$fpl$d2f)
    __aeabi_dadd                             0x08012875   Thumb Code     0  daddsub_clz.o(x$fpl$dadd)
    _dadd                                    0x08012875   Thumb Code   332  daddsub_clz.o(x$fpl$dadd)
    __fpl_dcmp_Inf                           0x080129c5   Thumb Code    24  dcmpi.o(x$fpl$dcmpinf)
    __aeabi_ddiv                             0x080129dd   Thumb Code     0  ddiv.o(x$fpl$ddiv)
    _ddiv                                    0x080129dd   Thumb Code   552  ddiv.o(x$fpl$ddiv)
    __aeabi_cdcmple                          0x08012c8d   Thumb Code     0  dleqf.o(x$fpl$dleqf)
    _dcmple                                  0x08012c8d   Thumb Code   120  dleqf.o(x$fpl$dleqf)
    __fpl_dcmple_InfNaN                      0x08012cef   Thumb Code     0  dleqf.o(x$fpl$dleqf)
    __aeabi_dmul                             0x08012d05   Thumb Code     0  dmul.o(x$fpl$dmul)
    _dmul                                    0x08012d05   Thumb Code   332  dmul.o(x$fpl$dmul)
    __fpl_dnaninf                            0x08012e59   Thumb Code   156  dnaninf.o(x$fpl$dnaninf)
    __fpl_dretinf                            0x08012ef5   Thumb Code    12  dretinf.o(x$fpl$dretinf)
    __aeabi_drsub                            0x08012f01   Thumb Code     0  daddsub_clz.o(x$fpl$drsb)
    _drsb                                    0x08012f01   Thumb Code    22  daddsub_clz.o(x$fpl$drsb)
    _dsqrt                                   0x08012f19   Thumb Code   404  dsqrt_umaal.o(x$fpl$dsqrt)
    __aeabi_dsub                             0x080130b1   Thumb Code     0  daddsub_clz.o(x$fpl$dsub)
    _dsub                                    0x080130b1   Thumb Code   464  daddsub_clz.o(x$fpl$dsub)
    __aeabi_f2d                              0x08013285   Thumb Code     0  f2d.o(x$fpl$f2d)
    _f2d                                     0x08013285   Thumb Code    86  f2d.o(x$fpl$f2d)
    __fpl_fnaninf                            0x080132db   Thumb Code   140  fnaninf.o(x$fpl$fnaninf)
    _fp_init                                 0x08013367   Thumb Code    10  fpinit.o(x$fpl$fpinit)
    __fplib_config_fpu_vfp                   0x0801336f   Thumb Code     0  fpinit.o(x$fpl$fpinit)
    __fplib_config_pureend_doubles           0x0801336f   Thumb Code     0  fpinit.o(x$fpl$fpinit)
    __fpl_fretinf                            0x08013371   Thumb Code    10  fretinf.o(x$fpl$fretinf)
    __I$use$fp                               0x0801337a   Number         0  usenofp.o(x$fpl$usenofp)
    CRC8_INIT                                0x08013504   Data           1  crc.o(.constdata)
    CRC8_TAB                                 0x08013505   Data         256  crc.o(.constdata)
    wCRC_Table                               0x08013606   Data         512  crc.o(.constdata)
    bmi270_config_file                       0x0801380e   Data        8192  bmi270.o(.constdata)
    bmi270_feat_in                           0x0801580e   Data          48  bmi270.o(.constdata)
    bmi270_feat_out                          0x0801583e   Data          21  bmi270.o(.constdata)
    __mathlib_zero                           0x08015940   Data           8  qnan.o(.constdata)
    Region$$Table$$Base                      0x08015948   Number         0  anon$$obj.o(Region$$Table)
    Region$$Table$$Limit                     0x08015968   Number         0  anon$$obj.o(Region$$Table)
    Remote_time                              0x20000000   Data           4  main.o(.data)
    see1                                     0x20000004   Data           4  main.o(.data)
    see2                                     0x20000008   Data           4  main.o(.data)
    see3                                     0x2000000c   Data           4  main.o(.data)
    see4                                     0x20000010   Data           4  main.o(.data)
    see5                                     0x20000014   Data           4  main.o(.data)
    see6                                     0x20000018   Data           4  main.o(.data)
    mpulongtime                              0x2000001c   Data           4  main.o(.data)
    remoteturn                               0x20000020   Data           4  main.o(.data)
    seePstand                                0x20000024   Data           4  main.o(.data)
    seeDstand                                0x20000028   Data           4  main.o(.data)
    seePspeed                                0x2000002c   Data           4  main.o(.data)
    seeIspeed                                0x20000030   Data           4  main.o(.data)
    seePturn                                 0x20000034   Data           4  main.o(.data)
    seeDturn                                 0x20000038   Data           4  main.o(.data)
    seeIstand                                0x2000003c   Data           4  main.o(.data)
    seeoutstand                              0x20000040   Data           4  main.o(.data)
    seeoutspeed                              0x20000044   Data           4  main.o(.data)
    seeoutturn                               0x20000048   Data           4  main.o(.data)
    seeerror                                 0x2000004c   Data           4  main.o(.data)
    seefeedback                              0x20000050   Data           4  main.o(.data)
    seetarget                                0x20000054   Data           4  main.o(.data)
    seedetaerror                             0x20000058   Data           4  main.o(.data)
    seeout                                   0x2000005c   Data           4  main.o(.data)
    seeintegrate                             0x20000060   Data           4  main.o(.data)
    Store_NextSpeed12                        0x20000064   Data           4  main.o(.data)
    sysTickUptime                            0x20000068   Data           4  stm32f4xx_it.o(.data)
    currentTime                              0x20000070   Data           4  system.o(.data)
    loopTime_1ms                             0x20000074   Data           4  system.o(.data)
    previousTime                             0x20000078   Data           4  system.o(.data)
    cycleTime                                0x2000007c   Data           2  system.o(.data)
    gyrox                                    0x2000007e   Data           2  system.o(.data)
    gyroy                                    0x20000080   Data           2  system.o(.data)
    gyroz                                    0x20000082   Data           2  system.o(.data)
    pitch                                    0x20000084   Data           4  system.o(.data)
    roll                                     0x20000088   Data           4  system.o(.data)
    yaw                                      0x2000008c   Data           4  system.o(.data)
    yaw_10                                   0x20000090   Data           4  system.o(.data)
    accx                                     0x20000094   Data           2  system.o(.data)
    accy                                     0x20000096   Data           2  system.o(.data)
    accz                                     0x20000098   Data           2  system.o(.data)
    SystemMonitor                            0x2000009c   Data           4  system.o(.data)
    pass_num                                 0x200000a0   Data           4  system.o(.data)
    pass_flag                                0x200000a4   Data           1  system.o(.data)
    true_KP                                  0x200000bc   Data           4  pid.o(.data)
    true_Ki                                  0x200000c0   Data           4  pid.o(.data)
    _KP                                      0x200000c4   Data         120  pid.o(.data)
    _KI                                      0x2000013c   Data         120  pid.o(.data)
    _KD                                      0x200001b4   Data         120  pid.o(.data)
    KI_addlimit                              0x2000022c   Data         120  pid.o(.data)
    Set_out_limit                            0x200002a4   Data         120  pid.o(.data)
    Blind                                    0x2000031c   Data         120  pid.o(.data)
    pid_chassis_Array                        0x20000394   Data         256  pid.o(.data)
    pid_gimble_Array                         0x20000494   Data         256  pid.o(.data)
    T_Q_Array                                0x200005ac   Data         120  kalman.o(.data)
    T_R_Array                                0x20000624   Data         120  kalman.o(.data)
    Pout_Q                                   0x2000069c   Data           4  kalman.o(.data)
    Pout_R                                   0x200006a0   Data           4  kalman.o(.data)
    FPID                                     0x200006a8   Data          52  fuzzypid.o(.data)
    CAN1interruptnumber                      0x200006dc   Data           4  can1.o(.data)
    ReceiveFlag_chassis                      0x200006e0   Data           1  can1.o(.data)
    ReceiveFlag_Gimble                       0x200006e1   Data           1  can1.o(.data)
    DMAinterruptnumber                       0x200006e4   Data           4  usart2.o(.data)
    CRC_INIT                                 0x200006e8   Data           2  crc.o(.data)
    SystemCoreClock                          0x200006fc   Data           4  system_stm32f4xx.o(.data)
    AHBPrescTable                            0x20000700   Data          16  system_stm32f4xx.o(.data)
    Front_wheel_angle                        0x20000710   Data           4  task_chassis.o(.data)
    Back_wheel_angle                         0x20000714   Data           4  task_chassis.o(.data)
    Front_wheel_change                       0x20000718   Data           4  task_chassis.o(.data)
    Back_wheel_change                        0x2000071c   Data           4  task_chassis.o(.data)
    Store_NextSpeed1                         0x20000720   Data           2  task_chassis.o(.data)
    Store_NextAngle1                         0x20000722   Data           2  task_chassis.o(.data)
    Store_NextSpeed2                         0x20000724   Data           2  task_chassis.o(.data)
    Store_NextAngle2                         0x20000726   Data           2  task_chassis.o(.data)
    Momentum_wheel_1                         0x20000728   Data           2  task_chassis.o(.data)
    Momentum_wheel_2                         0x2000072a   Data           2  task_chassis.o(.data)
    ttr                                      0x2000072c   Data           4  task_chassis.o(.data)
    softtry                                  0x20000730   Data           4  task_chassis.o(.data)
    stand_angle                              0x20000734   Data           4  task_chassis.o(.data)
    stand_Speed1                             0x20000738   Data           4  task_chassis.o(.data)
    stand_Speed2                             0x2000073c   Data           4  task_chassis.o(.data)
    speedcircle_speed1                       0x20000740   Data           4  task_chassis.o(.data)
    speedcircle_speed2                       0x20000744   Data           4  task_chassis.o(.data)
    singlespeed1                             0x20000748   Data           4  task_chassis.o(.data)
    singlespeed2                             0x2000074c   Data           4  task_chassis.o(.data)
    alpha_1                                  0x20000750   Data           4  task_chassis.o(.data)
    alpha_2                                  0x20000754   Data           4  task_chassis.o(.data)
    turn_Speed1                              0x20000758   Data           4  task_chassis.o(.data)
    turn_Speed2                              0x2000075c   Data           4  task_chassis.o(.data)
    centeryaw                                0x20000760   Data           4  task_chassis.o(.data)
    stand_speedproportion1                   0x20000764   Data           4  task_chassis.o(.data)
    speed_speedproportion1                   0x20000768   Data           4  task_chassis.o(.data)
    qianjing                                 0x2000076c   Data           4  task_chassis.o(.data)
    sss                                      0x20000770   Data           4  task_chassis.o(.data)
    Send_chassis_Array                       0x20000774   Data           8  task_chassis.o(.data)
    Send_chassis_Array_2                     0x2000077c   Data           8  task_chassis.o(.data)
    Store_NextSpeed_gimbel1                  0x20000788   Data           2  task_gimble.o(.data)
    Store_NextAngle_gimbel1                  0x2000078a   Data           2  task_gimble.o(.data)
    Store_NextSpeed_gimbel2                  0x2000078c   Data           2  task_gimble.o(.data)
    Store_NextAngle_gimbel2                  0x2000078e   Data           2  task_gimble.o(.data)
    Send_gimble_Array                        0x20000790   Data           8  task_gimble.o(.data)
    Gimbel_remotepitch_Speedsensitivity      0x20000798   Data           4  remote.o(.data)
    Gimbel_remotepitch_Anglesensitivity      0x2000079c   Data           4  remote.o(.data)
    Gimbel_remoteyaw_Speedsensitivity        0x200007a0   Data           4  remote.o(.data)
    Gimbel_remoteyaw_Anglesensitivity        0x200007a4   Data           4  remote.o(.data)
    chassis_remoteforward                    0x200007a8   Data           4  remote.o(.data)
    chassis_remoteturn                       0x200007ac   Data           4  remote.o(.data)
    Add_down_gimble                          0x200007b0   Data           4  remote.o(.data)
    brake                                    0x200007b4   Data           4  remote.o(.data)
    doone                                    0x200007b8   Data           1  remote.o(.data)
    opentime                                 0x200007bc   Data           4  remote.o(.data)
    gravity                                  0x200007c0   Data           4  remote.o(.data)
    gravity_2                                0x200007c4   Data           4  remote.o(.data)
    nowturncenter                            0x200007c8   Data           4  remote.o(.data)
    preturncenter                            0x200007cc   Data           4  remote.o(.data)
    front_wheelmin                           0x200007d0   Data           4  task_stand.o(.data)
    front_wheelmax                           0x200007d4   Data           4  task_stand.o(.data)
    back_wheelmin                            0x200007d8   Data           4  task_stand.o(.data)
    back_wheelmax                            0x200007dc   Data           4  task_stand.o(.data)
    detaerrorlimit                           0x200007e0   Data           4  task_stand.o(.data)
    Front_wheel                              0x200007e4   Data           2  task_stand.o(.data)
    Back_wheel                               0x200007e6   Data           2  task_stand.o(.data)
    Ordor_Condition                          0x200007f0   Data           1  task_momentum.o(.data)
    balance_gyroy                            0x200007f4   Data           4  task_momentum.o(.data)
    zhongzhi                                 0x200007f8   Data           4  task_momentum.o(.data)
    balance_angle_1                          0x200007fc   Data           4  task_momentum.o(.data)
    balance_angle_2                          0x20000800   Data           4  task_momentum.o(.data)
    Speed_Speed                              0x20000804   Data           4  task_momentum.o(.data)
    velocity_speed_1                         0x20000808   Data           4  task_momentum.o(.data)
    velocity_speed_2                         0x2000080c   Data           4  task_momentum.o(.data)
    tttt                                     0x20000810   Data           4  task_momentum.o(.data)
    Task_Choose                              0x20000814   Data           2  choose_task.o(.data)
    choose_i                                 0x20000818   Data           4  choose_task.o(.data)
    choose_j                                 0x2000081c   Data           4  choose_task.o(.data)
    regis_grav                               0x20000820   Data           4  choose_task.o(.data)
    id_bmi                                   0x20000824   Data           2  bmi.o(.data)
    id_mode                                  0x20000826   Data           2  bmi.o(.data)
    debug_bmi                                0x20000828   Data           1  bmi.o(.data)
    Kp                                       0x2000082c   Data           4  bmi.o(.data)
    Ki                                       0x20000830   Data           4  bmi.o(.data)
    norm                                     0x20000834   Data           4  bmi.o(.data)
    vx                                       0x20000838   Data           4  bmi.o(.data)
    vy                                       0x2000083c   Data           4  bmi.o(.data)
    vz                                       0x20000840   Data           4  bmi.o(.data)
    ex                                       0x20000844   Data           4  bmi.o(.data)
    ey                                       0x20000848   Data           4  bmi.o(.data)
    ez                                       0x2000084c   Data           4  bmi.o(.data)
    gx                                       0x20000850   Data           4  bmi.o(.data)
    gy                                       0x20000854   Data           4  bmi.o(.data)
    gz                                       0x20000858   Data           4  bmi.o(.data)
    ax                                       0x2000085c   Data           4  bmi.o(.data)
    ay                                       0x20000860   Data           4  bmi.o(.data)
    az                                       0x20000864   Data           4  bmi.o(.data)
    q0                                       0x20000868   Data           4  bmi.o(.data)
    q1                                       0x2000086c   Data           4  bmi.o(.data)
    q2                                       0x20000870   Data           4  bmi.o(.data)
    q3                                       0x20000874   Data           4  bmi.o(.data)
    halfT                                    0x20000878   Data           4  bmi.o(.data)
    exInt                                    0x2000087c   Data           4  bmi.o(.data)
    eyInt                                    0x20000880   Data           4  bmi.o(.data)
    ezInt                                    0x20000884   Data           4  bmi.o(.data)
    q0temp                                   0x20000888   Data           4  bmi.o(.data)
    q1temp                                   0x2000088c   Data           4  bmi.o(.data)
    q2temp                                   0x20000890   Data           4  bmi.o(.data)
    q3temp                                   0x20000894   Data           4  bmi.o(.data)
    MPU_ADDR                                 0x20000899   Data           1  bmi2_common.o(.data)
    Total_pid                                0x2000089c   Data        1920  pid.o(.bss)
    AllFlag                                  0x2000101c   Data          10  2ms_analy.o(.bss)
    P_out_kalman                             0x20001028   Data        1320  kalman.o(.bss)
    _Aver_Filter                             0x20001550   Data        8240  kalman.o(.bss)
    Chassis_Moto_Info_Array                  0x20003580   Data         216  can1.o(.bss)
    Gimbel_Moto_Info_Array                   0x20003658   Data         108  can1.o(.bss)
    sbus_rx_buffer                           0x200036c4   Data          25  usart2.o(.bss)
    RC_Ctl                                   0x200036de   Data          22  usart2.o(.bss)
    mpu_data_Array                           0x200036f4   Data         216  task_chassis.o(.bss)
    Remote_Target_Array                      0x200037cc   Data          20  remote.o(.bss)
    Circle_analy                             0x200037e0   Data          12  remote.o(.bss)
    wheel_data_Array                         0x200037ec   Data          72  task_stand.o(.bss)
    Choose_Fed                               0x20003834   Data          12  task_momentum.o(.bss)
    bmi2_dev                                 0x20003840   Data         104  bmi.o(.bss)
    sensor_data                              0x200038a8   Data          16  bmi.o(.bss)
    __libspace_start                         0x200038b8   Data          96  libspace.o(.bss)
    __temporary_stack_top$libspace           0x20003918   Data           0  libspace.o(.bss)



==============================================================================

Memory Map of the image

  Image Entry point : 0x08000189

  Load Region LR_IROM1 (Base: 0x08000000, Size: 0x00016204, Max: 0x00080000, ABSOLUTE, COMPRESSED[0x00015ad4])

    Execution Region ER_IROM1 (Exec base: 0x08000000, Load base: 0x08000000, Size: 0x00015968, Max: 0x00080000, ABSOLUTE)

    Exec Addr    Load Addr    Size         Type   Attr      Idx    E Section Name        Object

    0x08000000   0x08000000   0x00000188   Data   RO          734    RESET               startup_stm32f40xx.o
    0x08000188   0x08000188   0x00000008   Code   RO         1459  * !!!main             c_w.l(__main.o)
    0x08000190   0x08000190   0x00000034   Code   RO         1777    !!!scatter          c_w.l(__scatter.o)
    0x080001c4   0x080001c4   0x0000005a   Code   RO         1775    !!dczerorl2         c_w.l(__dczerorl2.o)
    0x0800021e   0x0800021e   0x00000002   PAD
    0x08000220   0x08000220   0x0000001c   Code   RO         1779    !!handler_zi        c_w.l(__scatter_zi.o)
    0x0800023c   0x0800023c   0x00000002   Code   RO         1718    .ARM.Collect$$libinit$$00000000  c_w.l(libinit.o)
    0x0800023e   0x0800023e   0x00000004   Code   RO         1533    .ARM.Collect$$libinit$$00000001  c_w.l(libinit2.o)
    0x08000242   0x08000242   0x00000000   Code   RO         1536    .ARM.Collect$$libinit$$00000004  c_w.l(libinit2.o)
    0x08000242   0x08000242   0x00000008   Code   RO         1537    .ARM.Collect$$libinit$$00000005  c_w.l(libinit2.o)
    0x0800024a   0x0800024a   0x00000000   Code   RO         1539    .ARM.Collect$$libinit$$0000000A  c_w.l(libinit2.o)
    0x0800024a   0x0800024a   0x00000000   Code   RO         1541    .ARM.Collect$$libinit$$0000000C  c_w.l(libinit2.o)
    0x0800024a   0x0800024a   0x00000000   Code   RO         1543    .ARM.Collect$$libinit$$0000000E  c_w.l(libinit2.o)
    0x0800024a   0x0800024a   0x00000000   Code   RO         1546    .ARM.Collect$$libinit$$00000011  c_w.l(libinit2.o)
    0x0800024a   0x0800024a   0x00000000   Code   RO         1548    .ARM.Collect$$libinit$$00000013  c_w.l(libinit2.o)
    0x0800024a   0x0800024a   0x00000000   Code   RO         1550    .ARM.Collect$$libinit$$00000015  c_w.l(libinit2.o)
    0x0800024a   0x0800024a   0x00000000   Code   RO         1552    .ARM.Collect$$libinit$$00000017  c_w.l(libinit2.o)
    0x0800024a   0x0800024a   0x00000000   Code   RO         1554    .ARM.Collect$$libinit$$00000019  c_w.l(libinit2.o)
    0x0800024a   0x0800024a   0x00000000   Code   RO         1556    .ARM.Collect$$libinit$$0000001B  c_w.l(libinit2.o)
    0x0800024a   0x0800024a   0x00000000   Code   RO         1558    .ARM.Collect$$libinit$$0000001D  c_w.l(libinit2.o)
    0x0800024a   0x0800024a   0x00000000   Code   RO         1560    .ARM.Collect$$libinit$$0000001F  c_w.l(libinit2.o)
    0x0800024a   0x0800024a   0x00000000   Code   RO         1562    .ARM.Collect$$libinit$$00000021  c_w.l(libinit2.o)
    0x0800024a   0x0800024a   0x00000000   Code   RO         1564    .ARM.Collect$$libinit$$00000023  c_w.l(libinit2.o)
    0x0800024a   0x0800024a   0x00000000   Code   RO         1566    .ARM.Collect$$libinit$$00000025  c_w.l(libinit2.o)
    0x0800024a   0x0800024a   0x00000000   Code   RO         1570    .ARM.Collect$$libinit$$0000002C  c_w.l(libinit2.o)
    0x0800024a   0x0800024a   0x00000000   Code   RO         1572    .ARM.Collect$$libinit$$0000002E  c_w.l(libinit2.o)
    0x0800024a   0x0800024a   0x00000000   Code   RO         1574    .ARM.Collect$$libinit$$00000030  c_w.l(libinit2.o)
    0x0800024a   0x0800024a   0x00000000   Code   RO         1576    .ARM.Collect$$libinit$$00000032  c_w.l(libinit2.o)
    0x0800024a   0x0800024a   0x00000002   Code   RO         1577    .ARM.Collect$$libinit$$00000033  c_w.l(libinit2.o)
    0x0800024c   0x0800024c   0x00000002   Code   RO         1772    .ARM.Collect$$libshutdown$$00000000  c_w.l(libshutdown.o)
    0x0800024e   0x0800024e   0x00000000   Code   RO         1730    .ARM.Collect$$libshutdown$$00000002  c_w.l(libshutdown2.o)
    0x0800024e   0x0800024e   0x00000000   Code   RO         1732    .ARM.Collect$$libshutdown$$00000004  c_w.l(libshutdown2.o)
    0x0800024e   0x0800024e   0x00000000   Code   RO         1735    .ARM.Collect$$libshutdown$$00000007  c_w.l(libshutdown2.o)
    0x0800024e   0x0800024e   0x00000000   Code   RO         1738    .ARM.Collect$$libshutdown$$0000000A  c_w.l(libshutdown2.o)
    0x0800024e   0x0800024e   0x00000000   Code   RO         1740    .ARM.Collect$$libshutdown$$0000000C  c_w.l(libshutdown2.o)
    0x0800024e   0x0800024e   0x00000000   Code   RO         1743    .ARM.Collect$$libshutdown$$0000000F  c_w.l(libshutdown2.o)
    0x0800024e   0x0800024e   0x00000002   Code   RO         1744    .ARM.Collect$$libshutdown$$00000010  c_w.l(libshutdown2.o)
    0x08000250   0x08000250   0x00000000   Code   RO         1501    .ARM.Collect$$rtentry$$00000000  c_w.l(__rtentry.o)
    0x08000250   0x08000250   0x00000000   Code   RO         1656    .ARM.Collect$$rtentry$$00000002  c_w.l(__rtentry2.o)
    0x08000250   0x08000250   0x00000006   Code   RO         1668    .ARM.Collect$$rtentry$$00000004  c_w.l(__rtentry4.o)
    0x08000256   0x08000256   0x00000000   Code   RO         1658    .ARM.Collect$$rtentry$$00000009  c_w.l(__rtentry2.o)
    0x08000256   0x08000256   0x00000004   Code   RO         1659    .ARM.Collect$$rtentry$$0000000A  c_w.l(__rtentry2.o)
    0x0800025a   0x0800025a   0x00000000   Code   RO         1661    .ARM.Collect$$rtentry$$0000000C  c_w.l(__rtentry2.o)
    0x0800025a   0x0800025a   0x00000008   Code   RO         1662    .ARM.Collect$$rtentry$$0000000D  c_w.l(__rtentry2.o)
    0x08000262   0x08000262   0x00000002   Code   RO         1719    .ARM.Collect$$rtexit$$00000000  c_w.l(rtexit.o)
    0x08000264   0x08000264   0x00000000   Code   RO         1746    .ARM.Collect$$rtexit$$00000002  c_w.l(rtexit2.o)
    0x08000264   0x08000264   0x00000004   Code   RO         1747    .ARM.Collect$$rtexit$$00000003  c_w.l(rtexit2.o)
    0x08000268   0x08000268   0x00000006   Code   RO         1748    .ARM.Collect$$rtexit$$00000004  c_w.l(rtexit2.o)
    0x0800026e   0x0800026e   0x00000002   PAD
    0x08000270   0x08000270   0x00000000   Code   RO         1677    .emb_text           c_w.l(maybetermalloc1.o)
    0x08000270   0x08000270   0x00000240   Code   RO            4    .text               main.o
    0x080004b0   0x080004b0   0x00000028   Code   RO          218    .text               stm32f4xx_it.o
    0x080004d8   0x080004d8   0x000002c0   Code   RO          248    .text               system.o
    0x08000798   0x08000798   0x000020fc   Code   RO          284    .text               pid.o
    0x08002894   0x08002894   0x00000128   Code   RO          316    .text               2ms_analy.o
    0x080029bc   0x080029bc   0x0000026c   Code   RO          348    .text               kalman.o
    0x08002c28   0x08002c28   0x000003ec   Code   RO          392    .text               fuzzypid.o
    0x08003014   0x08003014   0x00000538   Code   RO          423    .text               can1.o
    0x0800354c   0x0800354c   0x00000164   Code   RO          455    .text               can2.o
    0x080036b0   0x080036b0   0x00000348   Code   RO          503    .text               usart2.o
    0x080039f8   0x080039f8   0x00000058   Code   RO          536    .text               led.o
    0x08003a50   0x08003a50   0x00000120   Code   RO          560    .text               crc.o
    0x08003b70   0x08003b70   0x00000318   Code   RO          588    .text               anoc.o
    0x08003e88   0x08003e88   0x000000e0   Code   RO          613    .text               misc.o
    0x08003f68   0x08003f68   0x00000294   Code   RO          637    .text               stm32f4xx_gpio.o
    0x080041fc   0x080041fc   0x00000634   Code   RO          661    .text               stm32f4xx_rcc.o
    0x08004830   0x08004830   0x00000454   Code   RO          711    .text               stm32f4xx_usart.o
    0x08004c84   0x08004c84   0x00000040   Code   RO          735    .text               startup_stm32f40xx.o
    0x08004cc4   0x08004cc4   0x00000210   Code   RO          742    .text               system_stm32f4xx.o
    0x08004ed4   0x08004ed4   0x000009f0   Code   RO          772    .text               stm32f4xx_can.o
    0x080058c4   0x080058c4   0x000003a8   Code   RO          796    .text               stm32f4xx_dma.o
    0x08005c6c   0x08005c6c   0x00000028   Code   RO          940    .text               usart.o
    0x08005c94   0x08005c94   0x000009b8   Code   RO          993    .text               task_chassis.o
    0x0800664c   0x0800664c   0x00000130   Code   RO         1029    .text               task_gimble.o
    0x0800677c   0x0800677c   0x00000274   Code   RO         1057    .text               remote.o
    0x080069f0   0x080069f0   0x000002f8   Code   RO         1099    .text               task_stand.o
    0x08006ce8   0x08006ce8   0x000003b8   Code   RO         1134    .text               task_momentum.o
    0x080070a0   0x080070a0   0x00000cfc   Code   RO         1198    .text               bmi.o
    0x08007d9c   0x08007d9c   0x000097d4   Code   RO         1223    .text               bmi2.o
    0x08011570   0x08011570   0x0000025c   Code   RO         1242    .text               bmi2_common.o
    0x080117cc   0x080117cc   0x00000084   Code   RO         1281    .text               bmi270.o
    0x08011850   0x08011850   0x0000025c   Code   RO         1341    .text               myiic.o
    0x08011aac   0x08011aac   0x00000002   Code   RO         1391    .text               c_w.l(use_no_semi_2.o)
    0x08011aae   0x08011aae   0x0000005e   Code   RO         1397    .text               c_w.l(h1_alloc.o)
    0x08011b0c   0x08011b0c   0x0000004e   Code   RO         1399    .text               c_w.l(h1_free.o)
    0x08011b5a   0x08011b5a   0x0000004e   Code   RO         1455    .text               c_w.l(rt_memclr_w.o)
    0x08011ba8   0x08011ba8   0x00000006   Code   RO         1457    .text               c_w.l(heapauxi.o)
    0x08011bae   0x08011bae   0x00000002   Code   RO         1497    .text               c_w.l(use_no_semi.o)
    0x08011bb0   0x08011bb0   0x00000008   Code   RO         1505    .text               c_w.l(rt_heap_descriptor_intlibspace.o)
    0x08011bb8   0x08011bb8   0x00000004   Code   RO         1507    .text               c_w.l(hguard.o)
    0x08011bbc   0x08011bbc   0x0000008a   Code   RO         1509    .text               c_w.l(init_alloc.o)
    0x08011c46   0x08011c46   0x0000000e   Code   RO         1513    .text               c_w.l(h1_init.o)
    0x08011c54   0x08011c54   0x00000016   Code   RO         1527    .text               c_w.l(_rserrno.o)
    0x08011c6a   0x08011c6a   0x00000002   PAD
    0x08011c6c   0x08011c6c   0x00000008   Code   RO         1652    .text               c_w.l(libspace.o)
    0x08011c74   0x08011c74   0x00000008   Code   RO         1673    .text               c_w.l(rt_errno_addr_intlibspace.o)
    0x08011c7c   0x08011c7c   0x00000034   Code   RO         1679    .text               c_w.l(h1_extend.o)
    0x08011cb0   0x08011cb0   0x0000000e   Code   RO         1683    .text               c_w.l(defsig_rtmem_outer.o)
    0x08011cbe   0x08011cbe   0x0000004a   Code   RO         1697    .text               c_w.l(sys_stackheap_outer.o)
    0x08011d08   0x08011d08   0x00000012   Code   RO         1703    .text               c_w.l(exit.o)
    0x08011d1a   0x08011d1a   0x0000000a   Code   RO         1705    .text               c_w.l(defsig_exit.o)
    0x08011d24   0x08011d24   0x00000050   Code   RO         1707    .text               c_w.l(defsig_rtmem_inner.o)
    0x08011d74   0x08011d74   0x00000032   Code   RO         1727    .text               c_w.l(defsig_general.o)
    0x08011da6   0x08011da6   0x00000030   Code   RO         1633    i.__ARM_fpclassify  m_wm.l(fpclassify.o)
    0x08011dd6   0x08011dd6   0x00000002   PAD
    0x08011dd8   0x08011dd8   0x00000360   Code   RO         1471    i.__hardfp_asin     m_wm.l(asin.o)
    0x08012138   0x08012138   0x000002d8   Code   RO         1599    i.__hardfp_atan     m_wm.l(atan.o)
    0x08012410   0x08012410   0x000001f0   Code   RO         1485    i.__hardfp_atan2    m_wm.l(atan2.o)
    0x08012600   0x08012600   0x000000f8   Code   RO         1635    i.__kernel_poly     m_wm.l(poly.o)
    0x080126f8   0x080126f8   0x00000014   Code   RO         1614    i.__mathlib_dbl_infnan  m_wm.l(dunder.o)
    0x0801270c   0x0801270c   0x00000014   Code   RO         1615    i.__mathlib_dbl_infnan2  m_wm.l(dunder.o)
    0x08012720   0x08012720   0x00000020   Code   RO         1616    i.__mathlib_dbl_invalid  m_wm.l(dunder.o)
    0x08012740   0x08012740   0x00000020   Code   RO         1619    i.__mathlib_dbl_underflow  m_wm.l(dunder.o)
    0x08012760   0x08012760   0x00000010   Code   RO         1601    i.atan              m_wm.l(atan.o)
    0x08012770   0x08012770   0x00000018   Code   RO         1629    i.fabs              m_wm.l(fabs.o)
    0x08012788   0x08012788   0x0000006e   Code   RO         1640    i.sqrt              m_wm.l(sqrt.o)
    0x080127f6   0x080127f6   0x00000018   Code   RO         1461    x$fpl$basic         fz_wm.l(basic.o)
    0x0801280e   0x0801280e   0x00000002   PAD
    0x08012810   0x08012810   0x00000062   Code   RO         1463    x$fpl$d2f           fz_wm.l(d2f.o)
    0x08012872   0x08012872   0x00000002   PAD
    0x08012874   0x08012874   0x00000150   Code   RO         1578    x$fpl$dadd          fz_wm.l(daddsub_clz.o)
    0x080129c4   0x080129c4   0x00000018   Code   RO         1584    x$fpl$dcmpinf       fz_wm.l(dcmpi.o)
    0x080129dc   0x080129dc   0x000002b0   Code   RO         1587    x$fpl$ddiv          fz_wm.l(ddiv.o)
    0x08012c8c   0x08012c8c   0x00000078   Code   RO         1465    x$fpl$dleqf         fz_wm.l(dleqf.o)
    0x08012d04   0x08012d04   0x00000154   Code   RO         1467    x$fpl$dmul          fz_wm.l(dmul.o)
    0x08012e58   0x08012e58   0x0000009c   Code   RO         1590    x$fpl$dnaninf       fz_wm.l(dnaninf.o)
    0x08012ef4   0x08012ef4   0x0000000c   Code   RO         1592    x$fpl$dretinf       fz_wm.l(dretinf.o)
    0x08012f00   0x08012f00   0x00000016   Code   RO         1579    x$fpl$drsb          fz_wm.l(daddsub_clz.o)
    0x08012f16   0x08012f16   0x00000002   PAD
    0x08012f18   0x08012f18   0x00000198   Code   RO         1692    x$fpl$dsqrt         fz_wm.l(dsqrt_umaal.o)
    0x080130b0   0x080130b0   0x000001d4   Code   RO         1580    x$fpl$dsub          fz_wm.l(daddsub_clz.o)
    0x08013284   0x08013284   0x00000056   Code   RO         1469    x$fpl$f2d           fz_wm.l(f2d.o)
    0x080132da   0x080132da   0x0000008c   Code   RO         1594    x$fpl$fnaninf       fz_wm.l(fnaninf.o)
    0x08013366   0x08013366   0x0000000a   Code   RO         1694    x$fpl$fpinit        fz_wm.l(fpinit.o)
    0x08013370   0x08013370   0x0000000a   Code   RO         1596    x$fpl$fretinf       fz_wm.l(fretinf.o)
    0x0801337a   0x0801337a   0x00000000   Code   RO         1598    x$fpl$usenofp       fz_wm.l(usenofp.o)
    0x0801337a   0x0801337a   0x00000002   PAD
    0x0801337c   0x0801337c   0x00000188   Data   RO          393    .constdata          fuzzypid.o
    0x08013504   0x08013504   0x00000302   Data   RO          561    .constdata          crc.o
    0x08013806   0x08013806   0x00000002   PAD
    0x08013808   0x08013808   0x00000006   Data   RO         1224    .constdata          bmi2.o
    0x0801380e   0x0801380e   0x00002045   Data   RO         1282    .constdata          bmi270.o
    0x08015853   0x08015853   0x00000005   PAD
    0x08015858   0x08015858   0x00000050   Data   RO         1474    .constdata          m_wm.l(asin.o)
    0x080158a8   0x080158a8   0x00000098   Data   RO         1602    .constdata          m_wm.l(atan.o)
    0x08015940   0x08015940   0x00000008   Data   RO         1637    .constdata          m_wm.l(qnan.o)
    0x08015948   0x08015948   0x00000020   Data   RO         1773    Region$$Table       anon$$obj.o


    Execution Region RW_IRAM1 (Exec base: 0x20000000, Load base: 0x08015968, Size: 0x00003f18, Max: 0x00020000, ABSOLUTE, COMPRESSED[0x0000016c])

    Exec Addr    Load Addr    Size         Type   Attr      Idx    E Section Name        Object

    0x20000000   COMPRESSED   0x00000068   Data   RW            5    .data               main.o
    0x20000068   COMPRESSED   0x00000004   Data   RW          219    .data               stm32f4xx_it.o
    0x2000006c   COMPRESSED   0x00000050   Data   RW          249    .data               system.o
    0x200000bc   COMPRESSED   0x000004d8   Data   RW          286    .data               pid.o
    0x20000594   COMPRESSED   0x00000018   Data   RW          318    .data               2ms_analy.o
    0x200005ac   COMPRESSED   0x000000f9   Data   RW          350    .data               kalman.o
    0x200006a5   COMPRESSED   0x00000003   PAD
    0x200006a8   COMPRESSED   0x00000034   Data   RW          394    .data               fuzzypid.o
    0x200006dc   COMPRESSED   0x00000007   Data   RW          425    .data               can1.o
    0x200006e3   COMPRESSED   0x00000001   PAD
    0x200006e4   COMPRESSED   0x00000004   Data   RW          505    .data               usart2.o
    0x200006e8   COMPRESSED   0x00000002   Data   RW          562    .data               crc.o
    0x200006ea   COMPRESSED   0x00000002   Data   RW          589    .data               anoc.o
    0x200006ec   COMPRESSED   0x00000010   Data   RW          662    .data               stm32f4xx_rcc.o
    0x200006fc   COMPRESSED   0x00000014   Data   RW          743    .data               system_stm32f4xx.o
    0x20000710   COMPRESSED   0x00000078   Data   RW          995    .data               task_chassis.o
    0x20000788   COMPRESSED   0x00000010   Data   RW         1030    .data               task_gimble.o
    0x20000798   COMPRESSED   0x00000038   Data   RW         1059    .data               remote.o
    0x200007d0   COMPRESSED   0x00000020   Data   RW         1101    .data               task_stand.o
    0x200007f0   COMPRESSED   0x00000024   Data   RW         1136    .data               task_momentum.o
    0x20000814   COMPRESSED   0x00000010   Data   RW         1168    .data               choose_task.o
    0x20000824   COMPRESSED   0x00000074   Data   RW         1200    .data               bmi.o
    0x20000898   COMPRESSED   0x00000002   Data   RW         1243    .data               bmi2_common.o
    0x2000089a   COMPRESSED   0x00000002   PAD
    0x2000089c        -       0x00000780   Zero   RW          285    .bss                pid.o
    0x2000101c        -       0x0000000a   Zero   RW          317    .bss                2ms_analy.o
    0x20001026   COMPRESSED   0x00000002   PAD
    0x20001028        -       0x00002558   Zero   RW          349    .bss                kalman.o
    0x20003580        -       0x00000144   Zero   RW          424    .bss                can1.o
    0x200036c4        -       0x00000030   Zero   RW          504    .bss                usart2.o
    0x200036f4        -       0x000000d8   Zero   RW          994    .bss                task_chassis.o
    0x200037cc        -       0x00000020   Zero   RW         1058    .bss                remote.o
    0x200037ec        -       0x00000048   Zero   RW         1100    .bss                task_stand.o
    0x20003834        -       0x0000000c   Zero   RW         1135    .bss                task_momentum.o
    0x20003840        -       0x00000078   Zero   RW         1199    .bss                bmi.o
    0x200038b8        -       0x00000060   Zero   RW         1653    .bss                c_w.l(libspace.o)
    0x20003918        -       0x00000200   Zero   RW          733    HEAP                startup_stm32f40xx.o
    0x20003b18        -       0x00000400   Zero   RW          732    STACK               startup_stm32f40xx.o


==============================================================================

Image component sizes


      Code (inc. data)   RO Data    RW Data    ZI Data      Debug   Object Name

       296         42          0         24         10       1607   2ms_analy.o
       792         12          0          2          0       3512   anoc.o
      3324        202          0        116        120       5839   bmi.o
     38868        166          6          0          0     110716   bmi2.o
       132         12       8261          0          0       1390   bmi270.o
       604         22          0          2          0       4734   bmi2_common.o
      1336         48          0          7        324       4634   can1.o
       356          8          0          0          0       1055   can2.o
         0          0          0         16          0        813   choose_task.o
       288         14        770          2          0       3161   crc.o
      1004         28        392         52          0       2980   fuzzypid.o
       620         24          0        249       9560       2731   kalman.o
        88          4          0          0          0        479   led.o
       576        124          0        104          0     324145   main.o
       224         20          0          0          0       1801   misc.o
       604         14          0          0          0       1884   myiic.o
      8444        106          0       1240       1920      11061   pid.o
       628         66          0         56         32       3154   remote.o
        64         26        392          0       1536        836   startup_stm32f40xx.o
      2544         38          0          0          0       8128   stm32f4xx_can.o
       936         32          0          0          0       6377   stm32f4xx_dma.o
       660         44          0          0          0       4141   stm32f4xx_gpio.o
        40          4          0          4          0       1782   stm32f4xx_it.o
      1588         52          0         16          0      12854   stm32f4xx_rcc.o
      1108         34          0          0          0       7868   stm32f4xx_usart.o
       704         86          0         80          0      31522   system.o
       528         46          0         20          0       1831   system_stm32f4xx.o
      2488        288          0        120        216       5127   task_chassis.o
       304         40          0         16          0       1461   task_gimble.o
       952         60          0         36         12       2623   task_momentum.o
       760         56          0         32         72       2560   task_stand.o
        40          6          0          0          0       2632   usart.o
       840         48          0          4         48       3484   usart2.o

    ----------------------------------------------------------------------
     71740       1772       9860       2204      13852     578922   Object Totals
         0          0         32          0          0          0   (incl. Generated)
         0          0          7          6          2          0   (incl. Padding)

    ----------------------------------------------------------------------

      Code (inc. data)   RO Data    RW Data    ZI Data      Debug   Library Member Name

        90          0          0          0          0          0   __dczerorl2.o
         8          0          0          0          0         68   __main.o
         0          0          0          0          0          0   __rtentry.o
        12          0          0          0          0          0   __rtentry2.o
         6          0          0          0          0          0   __rtentry4.o
        52          8          0          0          0          0   __scatter.o
        28          0          0          0          0          0   __scatter_zi.o
        22          0          0          0          0        100   _rserrno.o
        10          0          0          0          0         68   defsig_exit.o
        50          0          0          0          0         88   defsig_general.o
        80         58          0          0          0         76   defsig_rtmem_inner.o
        14          0          0          0          0         80   defsig_rtmem_outer.o
        18          0          0          0          0         80   exit.o
        94          0          0          0          0         80   h1_alloc.o
        52          0          0          0          0         68   h1_extend.o
        78          0          0          0          0         80   h1_free.o
        14          0          0          0          0         84   h1_init.o
         6          0          0          0          0        152   heapauxi.o
         4          0          0          0          0        136   hguard.o
       138          0          0          0          0        168   init_alloc.o
         2          0          0          0          0          0   libinit.o
        14          0          0          0          0          0   libinit2.o
         2          0          0          0          0          0   libshutdown.o
         2          0          0          0          0          0   libshutdown2.o
         8          4          0          0         96         68   libspace.o
         0          0          0          0          0          0   maybetermalloc1.o
         8          4          0          0          0         68   rt_errno_addr_intlibspace.o
         8          4          0          0          0         68   rt_heap_descriptor_intlibspace.o
        78          0          0          0          0         80   rt_memclr_w.o
         2          0          0          0          0          0   rtexit.o
        10          0          0          0          0          0   rtexit2.o
        74          0          0          0          0         80   sys_stackheap_outer.o
         2          0          0          0          0         68   use_no_semi.o
         2          0          0          0          0         68   use_no_semi_2.o
        24          0          0          0          0        164   basic.o
        98          4          0          0          0        140   d2f.o
       826         16          0          0          0        492   daddsub_clz.o
        24          0          0          0          0        116   dcmpi.o
       688        140          0          0          0        256   ddiv.o
       120          4          0          0          0        140   dleqf.o
       340         12          0          0          0        152   dmul.o
       156          4          0          0          0        140   dnaninf.o
        12          0          0          0          0        116   dretinf.o
       408         56          0          0          0        168   dsqrt_umaal.o
        86          4          0          0          0        132   f2d.o
       140          4          0          0          0        132   fnaninf.o
        10          0          0          0          0        116   fpinit.o
        10          0          0          0          0        116   fretinf.o
         0          0          0          0          0          0   usenofp.o
       864         94         80          0          0        280   asin.o
       744        106        152          0          0        352   atan.o
       496         64          0          0          0        192   atan2.o
       104         16          0          0          0        496   dunder.o
        24          0          0          0          0        124   fabs.o
        48          0          0          0          0        124   fpclassify.o
       248          0          0          0          0        152   poly.o
         0          0          8          0          0          0   qnan.o
       110          0          0          0          0        148   sqrt.o

    ----------------------------------------------------------------------
      6584        602        240          0         96       6076   Library Totals
        16          0          0          0          0          0   (incl. Padding)

    ----------------------------------------------------------------------

      Code (inc. data)   RO Data    RW Data    ZI Data      Debug   Library Name

       988         78          0          0         96       1828   c_w.l
      2942        244          0          0          0       2380   fz_wm.l
      2638        280        240          0          0       1868   m_wm.l

    ----------------------------------------------------------------------
      6584        602        240          0         96       6076   Library Totals

    ----------------------------------------------------------------------

==============================================================================


      Code (inc. data)   RO Data    RW Data    ZI Data      Debug   

     78324       2374      10100       2204      13948     575262   Grand Totals
     78324       2374      10100        364      13948     575262   ELF Image Totals (compressed)
     78324       2374      10100        364          0          0   ROM Totals

==============================================================================

    Total RO  Size (Code + RO Data)                88424 (  86.35kB)
    Total RW  Size (RW Data + ZI Data)             16152 (  15.77kB)
    Total ROM Size (Code + RO Data + RW Data)      88788 (  86.71kB)

==============================================================================

